Running: E:\14.5\ISE_DS\ISE\bin\nt64\unwrapped\fuse.exe -intstyle ise -incremental -lib unisims_ver -lib unimacro_ver -lib xilinxcorelib_ver -lib secureip -o F:/verilog/balciru/test_isim_beh.exe -prj F:/verilog/balciru/test_beh.prj work.test work.glbl 
ISim P.58f (signature 0x7708f090)
Number of CPUs detected in this system: 8
Turning on mult-threading, number of parallel sub-compilation jobs: 16 
Determining compilation order of HDL files
Analyzing Verilog file "F:/verilog/balciru/balciru2.v" into library work
Analyzing Verilog file "F:/verilog/balciru/text.v" into library work
Analyzing Verilog file "E:/14.5/ISE_DS/ISE//verilog/src/glbl.v" into library work
Starting static elaboration
Completed static elaboration
Compiling module Upcounter
Compiling module test
Compiling module glbl
Time Resolution for simulation is 1ps.
Waiting for 1 sub-compilation(s) to finish...
WARNING:Simulator - Unable to copy libPortabilityNOSH.dll to the simulation executable directory: boost::filesystem::copy_file: The system cannot find the path specified, "isim\test_isim_beh.exe.sim\libPortability.dll".
Compiled 3 Verilog Units
Built simulation executable F:/verilog/balciru/test_isim_beh.exe
Fuse Memory Usage: 27500 KB
Fuse CPU Usage: 327 ms
