Running: E:\14.5\ISE_DS\ISE\bin\nt64\unwrapped\fuse.exe -intstyle ise -incremental -lib unisims_ver -lib unimacro_ver -lib xilinxcorelib_ver -lib secureip -o F:/verilog/FA4bit/Test_isim_beh.exe -prj F:/verilog/FA4bit/Test_beh.prj work.Test work.glbl 
ISim P.58f (signature 0x7708f090)
Number of CPUs detected in this system: 8
Turning on mult-threading, number of parallel sub-compilation jobs: 16 
Determining compilation order of HDL files
Analyzing Verilog file "F:/verilog/FA4bit/FA.v" into library work
Analyzing Verilog file "F:/verilog/FA4bit/FA4Bit.v" into library work
Analyzing Verilog file "F:/verilog/FA4bit/Test.v" into library work
Analyzing Verilog file "E:/14.5/ISE_DS/ISE//verilog/src/glbl.v" into library work
Starting static elaboration
Completed static elaboration
Compiling module FA
Compiling module FA4Bit
Compiling module Test
Compiling module glbl
Time Resolution for simulation is 1ps.
Waiting for 1 sub-compilation(s) to finish...
Compiled 4 Verilog Units
Built simulation executable F:/verilog/FA4bit/Test_isim_beh.exe
Fuse Memory Usage: 28192 KB
Fuse CPU Usage: 359 ms
